<html>
<body>
<pre>
<h1>礦ision Build Log</h1>
<h2>Project:</h2>
D:\wql19\Hot\电路与电子\成功程序（待优化）\STM320827\OpenArmSTM32.uvproj
Project File Date:  08/20/2024

<h2>Output:</h2>
Rebuild target 'Target 1'
compiling core_cm3.c...
assembling startup_stm32f10x_md.s...
compiling misc.c...
compiling stm32f10x_adc.c...
compiling stm32f10x_bkp.c...
compiling stm32f10x_can.c...
compiling stm32f10x_cec.c...
compiling stm32f10x_crc.c...
compiling stm32f10x_dac.c...
compiling stm32f10x_dbgmcu.c...
compiling stm32f10x_dma.c...
compiling stm32f10x_exti.c...
compiling stm32f10x_flash.c...
compiling stm32f10x_fsmc.c...
compiling stm32f10x_gpio.c...
compiling stm32f10x_i2c.c...
compiling stm32f10x_iwdg.c...
compiling stm32f10x_pwr.c...
compiling stm32f10x_rcc.c...
compiling stm32f10x_rtc.c...
compiling stm32f10x_sdio.c...
compiling stm32f10x_spi.c...
compiling stm32f10x_tim.c...
compiling stm32f10x_usart.c...
compiling stm32f10x_wwdg.c...
compiling main.c...
compiling stm32f10x_it.c...
compiling system_stm32f10x.c...
compiling Delay.c...
compiling Servo.c...
compiling MyTime.c...
compiling ADC.c...
compiling Motor.c...
compiling Usart.c...
compiling IIC.c...
compiling BusServoCtrl.c...
USER\BusServoCtrl.c(74): warning:  #550-D: variable "Res" was set but never used
        u8 Res;
USER\BusServoCtrl.c: 1 warning, 0 errors
linking...
Program Size: Code=17040 RO-data=268 RW-data=144 ZI-data=1688  
FromELF: creating hex file...
".\Obj\OpenArmSTM32.axf" - 0 Error(s), 1 Warning(s).
</pre>
</body>
</html>
